./doc/tSkeleton.txt
./etc/tSkeleton.lst
./plugin/tSkeleton.vim
./skeletons/bits.samples/bib/article
./skeletons/bits.samples/bib/book
./skeletons/bits.samples/bib/book_collection
./skeletons/bits.samples/bib/incollection
./skeletons/bits.samples/general/header
./skeletons/bits.samples/general/localvariables
./skeletons/bits.samples/html/form
./skeletons/bits.samples/ruby/case
./skeletons/bits.samples/ruby/class
./skeletons/bits.samples/ruby/def
./skeletons/bits.samples/ruby/if
./skeletons/bits.samples/ruby/module
./skeletons/bits.samples/ruby/module_wrapper
./skeletons/bits.samples/ruby/shebang
./skeletons/bits.samples/viki/brief_header
./skeletons/bits.samples/viki/exzerpt_header
./skeletons/bits.samples/viki/Verb
./skeletons/bits.samples/vim/if
./skeletons/bits.samples/websec/entry
./skeletons/prefab/batch.bat
./skeletons/prefab/deplate.txt
./skeletons/prefab/latex.tex
./skeletons/prefab/php.inc.php
./skeletons/prefab/php.php
./skeletons/prefab/plugin.vim
./skeletons/prefab/ruby.rb
./skeletons/prefab/shell.sh
./skeletons/prefab/text.txt
