./doc/tSkeleton.txt
./etc/tSkeleton.lst
./plugin/tSkeleton.vim
./skeletons/bits.samples/bib/abstract
./skeletons/bits.samples/bib/address
./skeletons/bits.samples/bib/annote
./skeletons/bits.samples/bib/article
./skeletons/bits.samples/bib/author
./skeletons/bits.samples/bib/book
./skeletons/bits.samples/bib/booklet
./skeletons/bits.samples/bib/booktitle
./skeletons/bits.samples/bib/book_collection
./skeletons/bits.samples/bib/chapter
./skeletons/bits.samples/bib/conference
./skeletons/bits.samples/bib/crossref
./skeletons/bits.samples/bib/edition
./skeletons/bits.samples/bib/editor
./skeletons/bits.samples/bib/howpublished
./skeletons/bits.samples/bib/inbook
./skeletons/bits.samples/bib/incollection
./skeletons/bits.samples/bib/inproceedings
./skeletons/bits.samples/bib/institution
./skeletons/bits.samples/bib/journal
./skeletons/bits.samples/bib/key
./skeletons/bits.samples/bib/keywords
./skeletons/bits.samples/bib/manual
./skeletons/bits.samples/bib/masterthesis
./skeletons/bits.samples/bib/misc
./skeletons/bits.samples/bib/month
./skeletons/bits.samples/bib/note
./skeletons/bits.samples/bib/number
./skeletons/bits.samples/bib/organization
./skeletons/bits.samples/bib/pages
./skeletons/bits.samples/bib/phdthesis
./skeletons/bits.samples/bib/proceedings
./skeletons/bits.samples/bib/publisher
./skeletons/bits.samples/bib/school
./skeletons/bits.samples/bib/series
./skeletons/bits.samples/bib/standardEntries
./skeletons/bits.samples/bib/techreport
./skeletons/bits.samples/bib/title
./skeletons/bits.samples/bib/type
./skeletons/bits.samples/bib/unpublished
./skeletons/bits.samples/bib/url
./skeletons/bits.samples/bib/volume
./skeletons/bits.samples/bib/year
./skeletons/bits.samples/css/background
./skeletons/bits.samples/css/border-bottom
./skeletons/bits.samples/css/border-left
./skeletons/bits.samples/css/border-right
./skeletons/bits.samples/css/border-spacing
./skeletons/bits.samples/css/border-top
./skeletons/bits.samples/css/entry
./skeletons/bits.samples/css/font-size
./skeletons/bits.samples/css/text-align
./skeletons/bits.samples/general/date
./skeletons/bits.samples/general/header
./skeletons/bits.samples/general/localvariables
./skeletons/bits.samples/general/test_tSkeleton
./skeletons/bits.samples/general/time
./skeletons/bits.samples/html/form
./skeletons/bits.samples/php/class
./skeletons/bits.samples/php/form
./skeletons/bits.samples/php/php
./skeletons/bits.samples/ruby/case
./skeletons/bits.samples/ruby/class
./skeletons/bits.samples/ruby/def
./skeletons/bits.samples/ruby/if
./skeletons/bits.samples/ruby/module
./skeletons/bits.samples/ruby/module_wrapper
./skeletons/bits.samples/ruby/shebang
./skeletons/bits.samples/tskeleton/tskel_after
./skeletons/bits.samples/tskeleton/tskel_before
./skeletons/bits.samples/tskeleton/tskel_here_after
./skeletons/bits.samples/tskeleton/tskel_here_before
./skeletons/bits.samples/viki/bibref
./skeletons/bits.samples/viki/brief_header
./skeletons/bits.samples/viki/disableType
./skeletons/bits.samples/viki/exzerpt_header
./skeletons/bits.samples/viki/noSimpleNames
./skeletons/bits.samples/viki/Verb
./skeletons/bits.samples/vim/if
./skeletons/bits.samples/websec/entry
./skeletons/prefab/batch.bat
./skeletons/prefab/latex.tex
./skeletons/prefab/php.class.php
./skeletons/prefab/php.inc.php
./skeletons/prefab/php.php
./skeletons/prefab/plugin.vim
./skeletons/prefab/ruby.rb
./skeletons/prefab/shell.sh
./skeletons/prefab/text.txt
./syntax/tskeleton.vim
